Using pre-set license
Built from '6000.0/staging' branch; Version is '6000.0.30f1 (62b05ba0686a) revision 6467675'; Using compiler version '193933523'; Build Type 'Release'
OS: 'Windows 11  (10.0.22631) 64bit Professional' Language: 'zh' Physical Memory: 65306 MB
BatchMode: 1, IsHumanControllingUs: 0, StartBugReporterOnCrash: 0, Is64bit: 1, IsPro: 1

COMMAND LINE ARGUMENTS:
D:\DevelopTools\Unity\Unity_2121\6000.0.30f1\Editor\Unity.exe
-adb2
-batchMode
-noUpm
-name
AssetImportWorker6
-projectPath
G:/Demo/ClientFrame
-logFile
Logs/AssetImportWorker6.log
-srvPort
52205
-job-worker-count
11
-background-job-worker-count
8
-asset-garbage-collectors
1
Successfully changed project path to: G:/Demo/ClientFrame
G:/Demo/ClientFrame
[UnityMemory] Configuration Parameters - Can be set up in boot.config
    "memorysetup-bucket-allocator-granularity=16"
    "memorysetup-bucket-allocator-bucket-count=8"
    "memorysetup-bucket-allocator-block-size=33554432"
    "memorysetup-bucket-allocator-block-count=8"
    "memorysetup-main-allocator-block-size=16777216"
    "memorysetup-thread-allocator-block-size=16777216"
    "memorysetup-gfx-main-allocator-block-size=16777216"
    "memorysetup-gfx-thread-allocator-block-size=16777216"
    "memorysetup-cache-allocator-block-size=4194304"
    "memorysetup-typetree-allocator-block-size=2097152"
    "memorysetup-profiler-bucket-allocator-granularity=16"
    "memorysetup-profiler-bucket-allocator-bucket-count=8"
    "memorysetup-profiler-bucket-allocator-block-size=33554432"
    "memorysetup-profiler-bucket-allocator-block-count=8"
    "memorysetup-profiler-allocator-block-size=16777216"
    "memorysetup-profiler-editor-allocator-block-size=1048576"
    "memorysetup-temp-allocator-size-main=16777216"
    "memorysetup-job-temp-allocator-block-size=2097152"
    "memorysetup-job-temp-allocator-block-size-background=1048576"
    "memorysetup-job-temp-allocator-reduction-small-platforms=262144"
    "memorysetup-allocator-temp-initial-block-size-main=262144"
    "memorysetup-allocator-temp-initial-block-size-worker=262144"
    "memorysetup-temp-allocator-size-background-worker=32768"
    "memorysetup-temp-allocator-size-job-worker=262144"
    "memorysetup-temp-allocator-size-preload-manager=33554432"
    "memorysetup-temp-allocator-size-nav-mesh-worker=65536"
    "memorysetup-temp-allocator-size-audio-worker=65536"
    "memorysetup-temp-allocator-size-cloud-worker=32768"
    "memorysetup-temp-allocator-size-gi-baking-worker=262144"
    "memorysetup-temp-allocator-size-gi-baking-worker=262144"
    "memorysetup-temp-allocator-size-gi-baking-worker=262144"
    "memorysetup-temp-allocator-size-gi-baking-worker=262144"
    "memorysetup-temp-allocator-size-gi-baking-worker=262144"
    "memorysetup-temp-allocator-size-gfx=262144"
Player connection [36680]  Target information:

Player connection [36680]  * "[IP] 172.16.31.73 [Port] 0 [Flags] 2 [Guid] 968338049 [EditorId] 968338049 [Version] 1048832 [Id] WindowsEditor(7,DESKTOP-5L87Q4O) [Debug] 1 [PackageName] WindowsEditor [ProjectName] Editor" 

Player connection [36680] Host joined multi-casting on [225.0.0.222:54997]...
Player connection [36680] Host joined alternative multi-casting on [225.0.0.222:34997]...
JobSystem: Creating JobQueue using job-worker-count value 11
[Physics::Module] Initialized fallback backend.
[Physics::Module] Id: 0xdecafbad
Library Redirect Path: Library/
[Physics::Module] Selected backend.
[Physics::Module] Name: PhysX
[Physics::Module] Id: 0xf2b8ea05
[Physics::Module] SDK Version: 4.1.2
[Physics::Module] Integration Version: 1.0.0
[Physics::Module] Threading Mode: Multi-Threaded
Refreshing native plugins compatible for Editor in 1.67 ms, found 4 plugins.
Preloading 0 native plugins for Editor in 0.00 ms.
Initialize engine version: 6000.0.30f1 (62b05ba0686a)
[Subsystems] Discovering subsystems at path D:/DevelopTools/Unity/Unity_2121/6000.0.30f1/Editor/Data/Resources/UnitySubsystems
[Subsystems] Discovering subsystems at path G:/Demo/ClientFrame/Assets
GfxDevice: creating device client; kGfxThreadingModeNonThreaded
Direct3D:
    Version:  Direct3D 11.0 [level 11.1]
    Renderer: NVIDIA GeForce RTX 3070 (ID=0x2488)
    Vendor:   NVIDIA
    VRAM:     8018 MB
    Driver:   32.0.15.6094
Initialize mono
Mono path[0] = 'D:/DevelopTools/Unity/Unity_2121/6000.0.30f1/Editor/Data/Managed'
Mono path[1] = 'D:/DevelopTools/Unity/Unity_2121/6000.0.30f1/Editor/Data/MonoBleedingEdge/lib/mono/unityjit-win32'
Mono config path = 'D:/DevelopTools/Unity/Unity_2121/6000.0.30f1/Editor/Data/MonoBleedingEdge/etc'
Using monoOptions --debugger-agent=transport=dt_socket,embedding=1,server=y,suspend=n,address=127.0.0.1:56596
Begin MonoManager ReloadAssembly
Registering precompiled unity dll's ...
Register platform support module: D:/DevelopTools/Unity/Unity_2121/6000.0.30f1/Editor/Data/PlaybackEngines/WebGLSupport/UnityEditor.WebGL.Extensions.dll
Register platform support module: D:/DevelopTools/Unity/Unity_2121/6000.0.30f1/Editor/Data/PlaybackEngines/WindowsStandaloneSupport/UnityEditor.WindowsStandalone.Extensions.dll
Register platform support module: D:/DevelopTools/Unity/Unity_2121/6000.0.30f1/Editor/Data/PlaybackEngines/AndroidPlayer/UnityEditor.Android.Extensions.dll
Register platform support module: D:/DevelopTools/Unity/Unity_2121/6000.0.30f1/Editor/Data/PlaybackEngines/iOSSupport/UnityEditor.iOS.Extensions.dll
Registered in 0.001995 seconds.
- Loaded All Assemblies, in  0.268 seconds
[usbmuxd] Start listen thread
[usbmuxd] Listen thread started
Native extension for iOS target not found
Native extension for Android target not found
Android Extension - Scanning For ADB Devices 219 ms
Native extension for WindowsStandalone target not found
Native extension for WebGL target not found
Mono: successfully reloaded assembly
- Finished resetting the current domain, in  0.461 seconds
Domain Reload Profiling: 729ms
	BeginReloadAssembly (96ms)
		ExecutionOrderSort (0ms)
		DisableScriptedObjects (0ms)
		BackupInstance (0ms)
		ReleaseScriptingObjects (0ms)
		CreateAndSetChildDomain (1ms)
	RebuildCommonClasses (24ms)
	RebuildNativeTypeToScriptingClass (8ms)
	initialDomainReloadingComplete (31ms)
	LoadAllAssembliesAndSetupDomain (108ms)
		LoadAssemblies (96ms)
		RebuildTransferFunctionScriptingTraits (0ms)
		AnalyzeDomain (106ms)
			TypeCache.Refresh (105ms)
				TypeCache.ScanAssembly (95ms)
			BuildScriptInfoCaches (0ms)
			ResolveRequiredComponents (0ms)
	FinalizeReload (462ms)
		ReleaseScriptCaches (0ms)
		RebuildScriptCaches (0ms)
		SetupLoadedEditorAssemblies (433ms)
			LogAssemblyErrors (0ms)
			InitializePlatformSupportModulesInManaged (280ms)
			SetLoadedEditorAssemblies (3ms)
			BeforeProcessingInitializeOnLoad (34ms)
			ProcessInitializeOnLoadAttributes (75ms)
			ProcessInitializeOnLoadMethodAttributes (40ms)
			AfterProcessingInitializeOnLoad (0ms)
			EditorAssembliesLoaded (0ms)
		ExecutionOrderSort2 (0ms)
		AwakeInstancesAfterBackupRestoration (0ms)
========================================================================
Worker process is ready to serve import requests
Import Worker Mode flag is 0x00
Begin MonoManager ReloadAssembly
Symbol file data-00000224187C8C90 doesn't match image G:\Demo\ClientFrame\Assets\ThirdParty\Sirenix\Assemblies\Sirenix.OdinInspector.Editor.dll
Symbol file LoadedFromMemory is not a mono symbol file
- Loaded All Assemblies, in  0.680 seconds
Refreshing native plugins compatible for Editor in 0.52 ms, found 4 plugins.
Native extension for iOS target not found
Native extension for Android target not found
Native extension for WindowsStandalone target not found
Native extension for WebGL target not found
Launched and connected shader compiler UnityShaderCompiler.exe after 0.01 seconds
Mono: successfully reloaded assembly
- Finished resetting the current domain, in  1.036 seconds
Domain Reload Profiling: 1715ms
	BeginReloadAssembly (126ms)
		ExecutionOrderSort (0ms)
		DisableScriptedObjects (4ms)
		BackupInstance (0ms)
		ReleaseScriptingObjects (0ms)
		CreateAndSetChildDomain (26ms)
	RebuildCommonClasses (24ms)
	RebuildNativeTypeToScriptingClass (8ms)
	initialDomainReloadingComplete (23ms)
	LoadAllAssembliesAndSetupDomain (499ms)
		LoadAssemblies (324ms)
		RebuildTransferFunctionScriptingTraits (0ms)
		AnalyzeDomain (247ms)
			TypeCache.Refresh (179ms)
				TypeCache.ScanAssembly (163ms)
			BuildScriptInfoCaches (56ms)
			ResolveRequiredComponents (10ms)
	FinalizeReload (1036ms)
		ReleaseScriptCaches (0ms)
		RebuildScriptCaches (0ms)
		SetupLoadedEditorAssemblies (928ms)
			LogAssemblyErrors (0ms)
			InitializePlatformSupportModulesInManaged (11ms)
			SetLoadedEditorAssemblies (5ms)
			BeforeProcessingInitializeOnLoad (140ms)
			ProcessInitializeOnLoadAttributes (537ms)
			ProcessInitializeOnLoadMethodAttributes (233ms)
			AfterProcessingInitializeOnLoad (1ms)
			EditorAssembliesLoaded (0ms)
		ExecutionOrderSort2 (0ms)
		AwakeInstancesAfterBackupRestoration (6ms)
Refreshing native plugins compatible for Editor in 1.13 ms, found 4 plugins.
Preloading 0 native plugins for Editor in 0.00 ms.
Unloading 266 Unused Serialized files (Serialized files now loaded: 0)
Unloading 7222 unused Assets / (7.1 MB). Loaded Objects now: 7988.
Memory consumption went from 213.8 MB to 206.7 MB.
Total: 30.087900 ms (FindLiveObjects: 1.020200 ms CreateObjectMapping: 0.985200 ms MarkObjects: 23.192900 ms  DeleteObjects: 4.883200 ms)

========================================================================
Received Import Request.
  Time since last request: 100528.682167 seconds.
  path: Assets/Art/Image/Img/NewPokerUI_Shop_Progress.png
  artifactKey: Guid(e7fcfd7825927154880873d8948fe312) Importer(815301076,1909f56bfc062723c751e8b465ee728b)
Start importing Assets/Art/Image/Img/NewPokerUI_Shop_Progress.png using Guid(e7fcfd7825927154880873d8948fe312) Importer(815301076,1909f56bfc062723c751e8b465ee728b) (PreviewImporter) -> (artifact id: '0a6d4915cdd3c705bc86dde33e7a0fac') in 0.0893854 seconds
Number of updated asset objects reloaded before import = 0Number of asset objects unloaded after import = 3

========================================================================
Received Import Request.
  Time since last request: 0.027069 seconds.
  path: Assets/Art/Image/Number/NewPokerUI_Poker_Red_3.png
  artifactKey: Guid(b1e9deb62b66e46488484e7e0630418b) Importer(815301076,1909f56bfc062723c751e8b465ee728b)
Start importing Assets/Art/Image/Number/NewPokerUI_Poker_Red_3.png using Guid(b1e9deb62b66e46488484e7e0630418b) Importer(815301076,1909f56bfc062723c751e8b465ee728b) (PreviewImporter) -> (artifact id: '69ddf7be7a447868a17c47940f430431') in 0.0219464 seconds
Number of updated asset objects reloaded before import = 0Number of asset objects unloaded after import = 3

========================================================================
Received Import Request.
  Time since last request: 0.000012 seconds.
  path: Assets/Art/Image/Img/NewPokerUI_PVE_Map_Island.png
  artifactKey: Guid(787a447873f64c64c8d98de531c2b8f5) Importer(815301076,1909f56bfc062723c751e8b465ee728b)
Start importing Assets/Art/Image/Img/NewPokerUI_PVE_Map_Island.png using Guid(787a447873f64c64c8d98de531c2b8f5) Importer(815301076,1909f56bfc062723c751e8b465ee728b) (PreviewImporter) -> (artifact id: 'a4f27d227e12a85b768199eec106fb2d') in 0.0193014 seconds
Number of updated asset objects reloaded before import = 0Number of asset objects unloaded after import = 3

========================================================================
Received Import Request.
  Time since last request: 0.334998 seconds.
  path: Assets/Art/Image/Number/NewPokerUI_A.png
  artifactKey: Guid(bedc482f7ea8f4c40a5ad9d45e1ea6e1) Importer(815301076,1909f56bfc062723c751e8b465ee728b)
Start importing Assets/Art/Image/Number/NewPokerUI_A.png using Guid(bedc482f7ea8f4c40a5ad9d45e1ea6e1) Importer(815301076,1909f56bfc062723c751e8b465ee728b) (PreviewImporter) -> (artifact id: 'ce95b534fb973ffcd4ee082d6c337e6f') in 0.0121562 seconds
Number of updated asset objects reloaded before import = 0Number of asset objects unloaded after import = 3

========================================================================
Received Import Request.
  Time since last request: 1.495075 seconds.
  path: Assets/Art/Image/Item2/NewPokerIcon_Joker_080.png
  artifactKey: Guid(54b2e715acf1f144f886ad575b354580) Importer(815301076,1909f56bfc062723c751e8b465ee728b)
Start importing Assets/Art/Image/Item2/NewPokerIcon_Joker_080.png using Guid(54b2e715acf1f144f886ad575b354580) Importer(815301076,1909f56bfc062723c751e8b465ee728b) (PreviewImporter) -> (artifact id: 'e44a6ff58d3766cad543637c235ece70') in 0.0130868 seconds
Number of updated asset objects reloaded before import = 0Number of asset objects unloaded after import = 3

========================================================================
Received Import Request.
  Time since last request: 0.025698 seconds.
  path: Assets/Art/Image/Item2/NewPokerIcon_Joker_073.png
  artifactKey: Guid(6ecab2841cb4cfa4fbced70f09d9f79b) Importer(815301076,1909f56bfc062723c751e8b465ee728b)
Start importing Assets/Art/Image/Item2/NewPokerIcon_Joker_073.png using Guid(6ecab2841cb4cfa4fbced70f09d9f79b) Importer(815301076,1909f56bfc062723c751e8b465ee728b) (PreviewImporter) -> (artifact id: '3ea0f8946a93f3b5e33827370678cdab') in 0.0117176 seconds
Number of updated asset objects reloaded before import = 0Number of asset objects unloaded after import = 3

========================================================================
Received Import Request.
  Time since last request: 0.053773 seconds.
  path: Assets/Art/Image/Item2/NewPokerIcon_Joker_066.png
  artifactKey: Guid(071a2fb4b7f5e844b9ae5b0ac3a0d643) Importer(815301076,1909f56bfc062723c751e8b465ee728b)
Start importing Assets/Art/Image/Item2/NewPokerIcon_Joker_066.png using Guid(071a2fb4b7f5e844b9ae5b0ac3a0d643) Importer(815301076,1909f56bfc062723c751e8b465ee728b) (PreviewImporter) -> (artifact id: 'c21d26de9d0c417aa072d432896b2b7a') in 0.0139545 seconds
Number of updated asset objects reloaded before import = 0Number of asset objects unloaded after import = 3

========================================================================
Received Import Request.
  Time since last request: 0.060974 seconds.
  path: Assets/Art/Image/Item2/NewPokerIcon_Joker_059.png
  artifactKey: Guid(fc2d1332d7c9b624c95f0b1f7f8d3551) Importer(815301076,1909f56bfc062723c751e8b465ee728b)
Start importing Assets/Art/Image/Item2/NewPokerIcon_Joker_059.png using Guid(fc2d1332d7c9b624c95f0b1f7f8d3551) Importer(815301076,1909f56bfc062723c751e8b465ee728b) (PreviewImporter) -> (artifact id: '5c39c3977c8855f4fc4baa433cd0bb79') in 0.0156551 seconds
Number of updated asset objects reloaded before import = 0Number of asset objects unloaded after import = 3

========================================================================
Received Import Request.
  Time since last request: 0.415756 seconds.
  path: Assets/Art/Image/Item2/NewPokerIcon_Joker_052.png
  artifactKey: Guid(14027f3c3a3d06f4696c11521bce0133) Importer(815301076,1909f56bfc062723c751e8b465ee728b)
Start importing Assets/Art/Image/Item2/NewPokerIcon_Joker_052.png using Guid(14027f3c3a3d06f4696c11521bce0133) Importer(815301076,1909f56bfc062723c751e8b465ee728b) (PreviewImporter) -> (artifact id: '38387b37fb5c8f8dd0ef39b1c19ae93c') in 0.0104134 seconds
Number of updated asset objects reloaded before import = 0Number of asset objects unloaded after import = 3

========================================================================
Received Import Request.
  Time since last request: 0.055237 seconds.
  path: Assets/Art/Image/Item2/NewPokerIcon_Joker_045.png
  artifactKey: Guid(b53a9b20e056bc141bcf7d28cb64fc48) Importer(815301076,1909f56bfc062723c751e8b465ee728b)
Start importing Assets/Art/Image/Item2/NewPokerIcon_Joker_045.png using Guid(b53a9b20e056bc141bcf7d28cb64fc48) Importer(815301076,1909f56bfc062723c751e8b465ee728b) (PreviewImporter) -> (artifact id: '06828c3e77178afbaa1b88ab3dedfc5d') in 0.0125073 seconds
Number of updated asset objects reloaded before import = 0Number of asset objects unloaded after import = 3

========================================================================
Received Import Request.
  Time since last request: 0.054701 seconds.
  path: Assets/Art/Image/Item2/NewPokerIcon_Joker_038.png
  artifactKey: Guid(ece2e59f42e8beb43a2a113e9effe681) Importer(815301076,1909f56bfc062723c751e8b465ee728b)
Start importing Assets/Art/Image/Item2/NewPokerIcon_Joker_038.png using Guid(ece2e59f42e8beb43a2a113e9effe681) Importer(815301076,1909f56bfc062723c751e8b465ee728b) (PreviewImporter) -> (artifact id: 'cf319ee8cdb5ad03753d9faa9048ee04') in 0.0139256 seconds
Number of updated asset objects reloaded before import = 0Number of asset objects unloaded after import = 3

========================================================================
Received Import Request.
  Time since last request: 0.455014 seconds.
  path: Assets/Art/Image/Item2/NewPokerIcon_Joker_031.png
  artifactKey: Guid(db7185f4bbedd764dacbb6e20e8b09c2) Importer(815301076,1909f56bfc062723c751e8b465ee728b)
Start importing Assets/Art/Image/Item2/NewPokerIcon_Joker_031.png using Guid(db7185f4bbedd764dacbb6e20e8b09c2) Importer(815301076,1909f56bfc062723c751e8b465ee728b) (PreviewImporter) -> (artifact id: 'ea5c692d6308180128f4f2cbe590e98b') in 0.0132043 seconds
Number of updated asset objects reloaded before import = 0Number of asset objects unloaded after import = 3

========================================================================
Received Import Request.
  Time since last request: 0.062672 seconds.
  path: Assets/Art/Image/Item2/NewPokerIcon_Joker_024.png
  artifactKey: Guid(a9e4e0cc1ca001649b66eb27d1b6afa7) Importer(815301076,1909f56bfc062723c751e8b465ee728b)
Start importing Assets/Art/Image/Item2/NewPokerIcon_Joker_024.png using Guid(a9e4e0cc1ca001649b66eb27d1b6afa7) Importer(815301076,1909f56bfc062723c751e8b465ee728b) (PreviewImporter) -> (artifact id: '65fcfc66477ced9d08a2470959d7f22f') in 0.0102302 seconds
Number of updated asset objects reloaded before import = 0Number of asset objects unloaded after import = 3

========================================================================
Received Import Request.
  Time since last request: 0.003371 seconds.
  path: Assets/Art/Image/Item2/NewPokerIcon_Joker_014.png
  artifactKey: Guid(aaa06b5eb511fe544b0bd84c5525c52e) Importer(815301076,1909f56bfc062723c751e8b465ee728b)
Start importing Assets/Art/Image/Item2/NewPokerIcon_Joker_014.png using Guid(aaa06b5eb511fe544b0bd84c5525c52e) Importer(815301076,1909f56bfc062723c751e8b465ee728b) (PreviewImporter) -> (artifact id: 'a3680250b1f69dc9c5ed2710140ef755') in 0.0101987 seconds
Number of updated asset objects reloaded before import = 0Number of asset objects unloaded after import = 3

========================================================================
Received Import Request.
  Time since last request: 0.000013 seconds.
  path: Assets/Art/Image/Item2/NewPokerIcon_Joker_018.png
  artifactKey: Guid(dbed38016ffc2e346be99ea20af049e4) Importer(815301076,1909f56bfc062723c751e8b465ee728b)
Start importing Assets/Art/Image/Item2/NewPokerIcon_Joker_018.png using Guid(dbed38016ffc2e346be99ea20af049e4) Importer(815301076,1909f56bfc062723c751e8b465ee728b) (PreviewImporter) -> (artifact id: 'ed69ecbd351717c42e67aaff9620cb62') in 0.0093261 seconds
Number of updated asset objects reloaded before import = 0Number of asset objects unloaded after import = 3

========================================================================
Received Import Request.
  Time since last request: 0.309493 seconds.
  path: Assets/Art/Image/Item2/NewPokerIcon_Joker_010.png
  artifactKey: Guid(7cdadaa01dcb2844e93ba15269999959) Importer(815301076,1909f56bfc062723c751e8b465ee728b)
Start importing Assets/Art/Image/Item2/NewPokerIcon_Joker_010.png using Guid(7cdadaa01dcb2844e93ba15269999959) Importer(815301076,1909f56bfc062723c751e8b465ee728b) (PreviewImporter) -> (artifact id: 'a40d6c30985e571e28b7846a1896290c') in 0.0119085 seconds
Number of updated asset objects reloaded before import = 0Number of asset objects unloaded after import = 3

========================================================================
Received Import Request.
  Time since last request: 0.072674 seconds.
  path: Assets/Art/Image/Item2/NewPokerIcon_Joker_004.png
  artifactKey: Guid(11544e6a34503504b8685859faa0961e) Importer(815301076,1909f56bfc062723c751e8b465ee728b)
Start importing Assets/Art/Image/Item2/NewPokerIcon_Joker_004.png using Guid(11544e6a34503504b8685859faa0961e) Importer(815301076,1909f56bfc062723c751e8b465ee728b) (PreviewImporter) -> (artifact id: '6dd1327cb154cd630a2c734f3739bc96') in 0.0086005 seconds
Number of updated asset objects reloaded before import = 0Number of asset objects unloaded after import = 3

========================================================================
Received Import Request.
  Time since last request: 0.000016 seconds.
  path: Assets/Art/Image/Item2/NewPokerIcon_Joker_006.png
  artifactKey: Guid(1c907ff74de42334ead20f77dbcd40ce) Importer(815301076,1909f56bfc062723c751e8b465ee728b)
Start importing Assets/Art/Image/Item2/NewPokerIcon_Joker_006.png using Guid(1c907ff74de42334ead20f77dbcd40ce) Importer(815301076,1909f56bfc062723c751e8b465ee728b) (PreviewImporter) -> (artifact id: '40f8cce4e8f502cf217e25b7b7f909df') in 0.0082703 seconds
Number of updated asset objects reloaded before import = 0Number of asset objects unloaded after import = 3

========================================================================
Received Import Request.
  Time since last request: 0.000012 seconds.
  path: Assets/Art/Image/Player/JOKCE_05.png
  artifactKey: Guid(fdefdb4cf622c6144a2212ebdcf553e3) Importer(815301076,1909f56bfc062723c751e8b465ee728b)
Start importing Assets/Art/Image/Player/JOKCE_05.png using Guid(fdefdb4cf622c6144a2212ebdcf553e3) Importer(815301076,1909f56bfc062723c751e8b465ee728b) (PreviewImporter) -> (artifact id: 'cb388a358fa2ef6cc9cabeea90db8bec') in 0.0086293 seconds
Number of updated asset objects reloaded before import = 0Number of asset objects unloaded after import = 3

========================================================================
Received Import Request.
  Time since last request: 0.244693 seconds.
  path: Assets/Art/Image/Item1/Item_F_02.png
  artifactKey: Guid(363b0aaa03a9d794e9721449b6a2154d) Importer(815301076,1909f56bfc062723c751e8b465ee728b)
Start importing Assets/Art/Image/Item1/Item_F_02.png using Guid(363b0aaa03a9d794e9721449b6a2154d) Importer(815301076,1909f56bfc062723c751e8b465ee728b) (PreviewImporter) -> (artifact id: 'c88d11d0ff0c8f49d3194af6a978cc3a') in 0.0105592 seconds
Number of updated asset objects reloaded before import = 0Number of asset objects unloaded after import = 3

========================================================================
Received Import Request.
  Time since last request: 0.064684 seconds.
  path: Assets/Art/Image/Item1/Item_D_58.png
  artifactKey: Guid(8eac1c1c4ad449f4eab3109bfc0311c8) Importer(815301076,1909f56bfc062723c751e8b465ee728b)
Start importing Assets/Art/Image/Item1/Item_D_58.png using Guid(8eac1c1c4ad449f4eab3109bfc0311c8) Importer(815301076,1909f56bfc062723c751e8b465ee728b) (PreviewImporter) -> (artifact id: '86b279e8a993d5273d160e44163561ad') in 0.0088606 seconds
Number of updated asset objects reloaded before import = 0Number of asset objects unloaded after import = 3

========================================================================
Received Import Request.
  Time since last request: 0.695082 seconds.
  path: Assets/Art/Image/Item1/Item_A_63.png
  artifactKey: Guid(00769ee48a69f674d921843117107051) Importer(815301076,1909f56bfc062723c751e8b465ee728b)
Start importing Assets/Art/Image/Item1/Item_A_63.png using Guid(00769ee48a69f674d921843117107051) Importer(815301076,1909f56bfc062723c751e8b465ee728b) (PreviewImporter) -> (artifact id: 'adbdea4c387d3aa7f16c120c753a995d') in 0.0111173 seconds
Number of updated asset objects reloaded before import = 0Number of asset objects unloaded after import = 3

========================================================================
Received Import Request.
  Time since last request: 0.110502 seconds.
  path: Assets/Art/Image/Number/enemy_bright_9.png
  artifactKey: Guid(16d0e2c737670b94ea29c96bb219e512) Importer(815301076,1909f56bfc062723c751e8b465ee728b)
Start importing Assets/Art/Image/Number/enemy_bright_9.png using Guid(16d0e2c737670b94ea29c96bb219e512) Importer(815301076,1909f56bfc062723c751e8b465ee728b) (PreviewImporter) -> (artifact id: '140e9466288897fb829559478fdfaae0') in 0.0091033 seconds
Number of updated asset objects reloaded before import = 0Number of asset objects unloaded after import = 3

========================================================================
Received Import Request.
  Time since last request: 0.035683 seconds.
  path: Assets/Art/Image/Number/enemy_bright_2.png
  artifactKey: Guid(10e29461849c7bc45a8a2b77bda6a2ec) Importer(815301076,1909f56bfc062723c751e8b465ee728b)
Start importing Assets/Art/Image/Number/enemy_bright_2.png using Guid(10e29461849c7bc45a8a2b77bda6a2ec) Importer(815301076,1909f56bfc062723c751e8b465ee728b) (PreviewImporter) -> (artifact id: '79464af57821eba36766aa4448a4af84') in 0.007903 seconds
Number of updated asset objects reloaded before import = 0Number of asset objects unloaded after import = 3

========================================================================
Received Import Request.
  Time since last request: 0.000032 seconds.
  path: Assets/Art/Image/Number/enemy_bright_4.png
  artifactKey: Guid(d30af0ddb4b4bb9469724c2aa1e0d862) Importer(815301076,1909f56bfc062723c751e8b465ee728b)
Start importing Assets/Art/Image/Number/enemy_bright_4.png using Guid(d30af0ddb4b4bb9469724c2aa1e0d862) Importer(815301076,1909f56bfc062723c751e8b465ee728b) (PreviewImporter) -> (artifact id: 'b938425035d507da4708ed0f8d13969a') in 0.0058113 seconds
Number of updated asset objects reloaded before import = 0Number of asset objects unloaded after import = 3

========================================================================
Received Import Request.
  Time since last request: 0.914978 seconds.
  path: Assets/Art/Image/Number/enemy_5.png
  artifactKey: Guid(95cd561984220624484d998e93bb1cbe) Importer(815301076,1909f56bfc062723c751e8b465ee728b)
Start importing Assets/Art/Image/Number/enemy_5.png using Guid(95cd561984220624484d998e93bb1cbe) Importer(815301076,1909f56bfc062723c751e8b465ee728b) (PreviewImporter) -> (artifact id: 'bdf03ebc9a0f3d96f596d051118c02e6') in 0.0110445 seconds
Number of updated asset objects reloaded before import = 0Number of asset objects unloaded after import = 3

Editor requested this worker to shutdown with reason: Scaling down because of idle timeout
AssetImportWorker is now disconnected from the server
Process exiting
Exiting without the bug reporter. Application will terminate with return code 0