Using pre-set license
Built from '6000.0/staging' branch; Version is '6000.0.30f1 (62b05ba0686a) revision 6467675'; Using compiler version '193933523'; Build Type 'Release'
OS: 'Windows 11  (10.0.22631) 64bit Professional' Language: 'zh' Physical Memory: 65306 MB
BatchMode: 1, IsHumanControllingUs: 0, StartBugReporterOnCrash: 0, Is64bit: 1, IsPro: 1

COMMAND LINE ARGUMENTS:
D:\DevelopTools\Unity\Unity_2121\6000.0.30f1\Editor\Unity.exe
-adb2
-batchMode
-noUpm
-name
AssetImportWorker0
-projectPath
G:/Unity6/ClientFrame
-logFile
Logs/AssetImportWorker0.log
-srvPort
49842
-job-worker-count
11
-background-job-worker-count
8
-asset-garbage-collectors
1
Successfully changed project path to: G:/Unity6/ClientFrame
G:/Unity6/ClientFrame
[UnityMemory] Configuration Parameters - Can be set up in boot.config
    "memorysetup-bucket-allocator-granularity=16"
    "memorysetup-bucket-allocator-bucket-count=8"
    "memorysetup-bucket-allocator-block-size=33554432"
    "memorysetup-bucket-allocator-block-count=8"
    "memorysetup-main-allocator-block-size=16777216"
    "memorysetup-thread-allocator-block-size=16777216"
    "memorysetup-gfx-main-allocator-block-size=16777216"
    "memorysetup-gfx-thread-allocator-block-size=16777216"
    "memorysetup-cache-allocator-block-size=4194304"
    "memorysetup-typetree-allocator-block-size=2097152"
    "memorysetup-profiler-bucket-allocator-granularity=16"
    "memorysetup-profiler-bucket-allocator-bucket-count=8"
    "memorysetup-profiler-bucket-allocator-block-size=33554432"
    "memorysetup-profiler-bucket-allocator-block-count=8"
    "memorysetup-profiler-allocator-block-size=16777216"
    "memorysetup-profiler-editor-allocator-block-size=1048576"
    "memorysetup-temp-allocator-size-main=16777216"
    "memorysetup-job-temp-allocator-block-size=2097152"
    "memorysetup-job-temp-allocator-block-size-background=1048576"
    "memorysetup-job-temp-allocator-reduction-small-platforms=262144"
    "memorysetup-allocator-temp-initial-block-size-main=262144"
    "memorysetup-allocator-temp-initial-block-size-worker=262144"
    "memorysetup-temp-allocator-size-background-worker=32768"
    "memorysetup-temp-allocator-size-job-worker=262144"
    "memorysetup-temp-allocator-size-preload-manager=33554432"
    "memorysetup-temp-allocator-size-nav-mesh-worker=65536"
    "memorysetup-temp-allocator-size-audio-worker=65536"
    "memorysetup-temp-allocator-size-cloud-worker=32768"
    "memorysetup-temp-allocator-size-gi-baking-worker=262144"
    "memorysetup-temp-allocator-size-gi-baking-worker=262144"
    "memorysetup-temp-allocator-size-gi-baking-worker=262144"
    "memorysetup-temp-allocator-size-gi-baking-worker=262144"
    "memorysetup-temp-allocator-size-gi-baking-worker=262144"
    "memorysetup-temp-allocator-size-gfx=262144"
Player connection [48556]  Target information:

Player connection [48556]  * "[IP] 172.16.31.73 [Port] 0 [Flags] 2 [Guid] 2828420062 [EditorId] 2828420062 [Version] 1048832 [Id] WindowsEditor(7,DESKTOP-5L87Q4O) [Debug] 1 [PackageName] WindowsEditor [ProjectName] Editor" 

Player connection [48556] Host joined multi-casting on [225.0.0.222:54997]...
Player connection [48556] Host joined alternative multi-casting on [225.0.0.222:34997]...
JobSystem: Creating JobQueue using job-worker-count value 11
[Physics::Module] Initialized fallback backend.
[Physics::Module] Id: 0xdecafbad
Library Redirect Path: Library/
[Physics::Module] Selected backend.
[Physics::Module] Name: PhysX
[Physics::Module] Id: 0xf2b8ea05
[Physics::Module] SDK Version: 4.1.2
[Physics::Module] Integration Version: 1.0.0
[Physics::Module] Threading Mode: Multi-Threaded
Refreshing native plugins compatible for Editor in 1.21 ms, found 4 plugins.
Preloading 0 native plugins for Editor in 0.00 ms.
Initialize engine version: 6000.0.30f1 (62b05ba0686a)
[Subsystems] Discovering subsystems at path D:/DevelopTools/Unity/Unity_2121/6000.0.30f1/Editor/Data/Resources/UnitySubsystems
[Subsystems] Discovering subsystems at path G:/Unity6/ClientFrame/Assets
GfxDevice: creating device client; kGfxThreadingModeNonThreaded
Direct3D:
    Version:  Direct3D 11.0 [level 11.1]
    Renderer: NVIDIA GeForce RTX 3070 (ID=0x2488)
    Vendor:   NVIDIA
    VRAM:     8018 MB
    Driver:   32.0.15.6094
Initialize mono
Mono path[0] = 'D:/DevelopTools/Unity/Unity_2121/6000.0.30f1/Editor/Data/Managed'
Mono path[1] = 'D:/DevelopTools/Unity/Unity_2121/6000.0.30f1/Editor/Data/MonoBleedingEdge/lib/mono/unityjit-win32'
Mono config path = 'D:/DevelopTools/Unity/Unity_2121/6000.0.30f1/Editor/Data/MonoBleedingEdge/etc'
Using monoOptions --debugger-agent=transport=dt_socket,embedding=1,server=y,suspend=n,address=127.0.0.1:56504
Begin MonoManager ReloadAssembly
Registering precompiled unity dll's ...
Register platform support module: D:/DevelopTools/Unity/Unity_2121/6000.0.30f1/Editor/Data/PlaybackEngines/WebGLSupport/UnityEditor.WebGL.Extensions.dll
Register platform support module: D:/DevelopTools/Unity/Unity_2121/6000.0.30f1/Editor/Data/PlaybackEngines/WindowsStandaloneSupport/UnityEditor.WindowsStandalone.Extensions.dll
Register platform support module: D:/DevelopTools/Unity/Unity_2121/6000.0.30f1/Editor/Data/PlaybackEngines/AndroidPlayer/UnityEditor.Android.Extensions.dll
Register platform support module: D:/DevelopTools/Unity/Unity_2121/6000.0.30f1/Editor/Data/PlaybackEngines/iOSSupport/UnityEditor.iOS.Extensions.dll
Registered in 0.002403 seconds.
- Loaded All Assemblies, in  0.401 seconds
[usbmuxd] Start listen thread
[usbmuxd] Listen thread started
Native extension for iOS target not found
Native extension for Android target not found
Android Extension - Scanning For ADB Devices 191 ms
Native extension for WindowsStandalone target not found
Native extension for WebGL target not found
Mono: successfully reloaded assembly
- Finished resetting the current domain, in  0.466 seconds
Domain Reload Profiling: 866ms
	BeginReloadAssembly (172ms)
		ExecutionOrderSort (0ms)
		DisableScriptedObjects (0ms)
		BackupInstance (0ms)
		ReleaseScriptingObjects (0ms)
		CreateAndSetChildDomain (1ms)
	RebuildCommonClasses (39ms)
	RebuildNativeTypeToScriptingClass (8ms)
	initialDomainReloadingComplete (35ms)
	LoadAllAssembliesAndSetupDomain (146ms)
		LoadAssemblies (174ms)
		RebuildTransferFunctionScriptingTraits (0ms)
		AnalyzeDomain (141ms)
			TypeCache.Refresh (140ms)
				TypeCache.ScanAssembly (126ms)
			BuildScriptInfoCaches (0ms)
			ResolveRequiredComponents (0ms)
	FinalizeReload (466ms)
		ReleaseScriptCaches (0ms)
		RebuildScriptCaches (0ms)
		SetupLoadedEditorAssemblies (435ms)
			LogAssemblyErrors (0ms)
			InitializePlatformSupportModulesInManaged (269ms)
			SetLoadedEditorAssemblies (4ms)
			BeforeProcessingInitializeOnLoad (39ms)
			ProcessInitializeOnLoadAttributes (85ms)
			ProcessInitializeOnLoadMethodAttributes (39ms)
			AfterProcessingInitializeOnLoad (0ms)
			EditorAssembliesLoaded (0ms)
		ExecutionOrderSort2 (0ms)
		AwakeInstancesAfterBackupRestoration (0ms)
========================================================================
Worker process is ready to serve import requests
Import Worker Mode flag is 0x00
Begin MonoManager ReloadAssembly
Symbol file data-0000019C0BCD5B60 doesn't match image G:\Unity6\ClientFrame\Assets\ThirdParty\Sirenix\Assemblies\Sirenix.OdinInspector.Editor.dll
Symbol file LoadedFromMemory is not a mono symbol file
- Loaded All Assemblies, in  0.830 seconds
Refreshing native plugins compatible for Editor in 0.52 ms, found 4 plugins.
Native extension for iOS target not found
Native extension for Android target not found
Native extension for WindowsStandalone target not found
Native extension for WebGL target not found
Launched and connected shader compiler UnityShaderCompiler.exe after 0.01 seconds
Mono: successfully reloaded assembly
- Finished resetting the current domain, in  1.078 seconds
Domain Reload Profiling: 1908ms
	BeginReloadAssembly (108ms)
		ExecutionOrderSort (0ms)
		DisableScriptedObjects (4ms)
		BackupInstance (0ms)
		ReleaseScriptingObjects (0ms)
		CreateAndSetChildDomain (19ms)
	RebuildCommonClasses (24ms)
	RebuildNativeTypeToScriptingClass (8ms)
	initialDomainReloadingComplete (24ms)
	LoadAllAssembliesAndSetupDomain (666ms)
		LoadAssemblies (374ms)
		RebuildTransferFunctionScriptingTraits (0ms)
		AnalyzeDomain (354ms)
			TypeCache.Refresh (271ms)
				TypeCache.ScanAssembly (252ms)
			BuildScriptInfoCaches (68ms)
			ResolveRequiredComponents (12ms)
	FinalizeReload (1078ms)
		ReleaseScriptCaches (0ms)
		RebuildScriptCaches (0ms)
		SetupLoadedEditorAssemblies (960ms)
			LogAssemblyErrors (0ms)
			InitializePlatformSupportModulesInManaged (12ms)
			SetLoadedEditorAssemblies (5ms)
			BeforeProcessingInitializeOnLoad (126ms)
			ProcessInitializeOnLoadAttributes (553ms)
			ProcessInitializeOnLoadMethodAttributes (262ms)
			AfterProcessingInitializeOnLoad (1ms)
			EditorAssembliesLoaded (0ms)
		ExecutionOrderSort2 (0ms)
		AwakeInstancesAfterBackupRestoration (4ms)
Refreshing native plugins compatible for Editor in 1.15 ms, found 4 plugins.
Preloading 0 native plugins for Editor in 0.00 ms.
Unloading 266 Unused Serialized files (Serialized files now loaded: 0)
Unloading 7223 unused Assets / (7.1 MB). Loaded Objects now: 7989.
Memory consumption went from 208.2 MB to 201.0 MB.
Total: 30.445300 ms (FindLiveObjects: 0.834100 ms CreateObjectMapping: 1.022200 ms MarkObjects: 23.761800 ms  DeleteObjects: 4.824300 ms)

========================================================================
Received Import Request.
  Time since last request: 187988.360944 seconds.
  path: Assets/Game/Scripts/Utils/GameUtils/GameUtils.ServerTime.cs
  artifactKey: Guid(1176c33e98a569347ba6c36cb8a26f3a) Importer(815301076,1909f56bfc062723c751e8b465ee728b)
Start importing Assets/Game/Scripts/Utils/GameUtils/GameUtils.ServerTime.cs using Guid(1176c33e98a569347ba6c36cb8a26f3a) Importer(815301076,1909f56bfc062723c751e8b465ee728b) (PreviewImporter) -> (artifact id: '3da20f39ebfe191abadf0ebc59230c54') in 0.0055769 seconds
Number of updated asset objects reloaded before import = 0Number of asset objects unloaded after import = 0

========================================================================
Received Prepare
Begin MonoManager ReloadAssembly
Symbol file data-0000019C1AF03050 doesn't match image G:\Unity6\ClientFrame\Assets\ThirdParty\Sirenix\Assemblies\Sirenix.OdinInspector.Editor.dll
Symbol file LoadedFromMemory is not a mono symbol file
- Loaded All Assemblies, in  0.810 seconds
Refreshing native plugins compatible for Editor in 0.55 ms, found 4 plugins.
Native extension for iOS target not found
Native extension for Android target not found
Native extension for WindowsStandalone target not found
Native extension for WebGL target not found
Mono: successfully reloaded assembly
- Finished resetting the current domain, in  1.102 seconds
Domain Reload Profiling: 1916ms
	BeginReloadAssembly (186ms)
		ExecutionOrderSort (0ms)
		DisableScriptedObjects (9ms)
		BackupInstance (0ms)
		ReleaseScriptingObjects (0ms)
		CreateAndSetChildDomain (57ms)
	RebuildCommonClasses (29ms)
	RebuildNativeTypeToScriptingClass (9ms)
	initialDomainReloadingComplete (22ms)
	LoadAllAssembliesAndSetupDomain (569ms)
		LoadAssemblies (393ms)
		RebuildTransferFunctionScriptingTraits (0ms)
		AnalyzeDomain (256ms)
			TypeCache.Refresh (15ms)
				TypeCache.ScanAssembly (2ms)
			BuildScriptInfoCaches (221ms)
			ResolveRequiredComponents (16ms)
	FinalizeReload (1102ms)
		ReleaseScriptCaches (0ms)
		RebuildScriptCaches (0ms)
		SetupLoadedEditorAssemblies (934ms)
			LogAssemblyErrors (0ms)
			InitializePlatformSupportModulesInManaged (13ms)
			SetLoadedEditorAssemblies (5ms)
			BeforeProcessingInitializeOnLoad (146ms)
			ProcessInitializeOnLoadAttributes (611ms)
			ProcessInitializeOnLoadMethodAttributes (158ms)
			AfterProcessingInitializeOnLoad (1ms)
			EditorAssembliesLoaded (0ms)
		ExecutionOrderSort2 (0ms)
		AwakeInstancesAfterBackupRestoration (9ms)
Refreshing native plugins compatible for Editor in 1.16 ms, found 4 plugins.
Preloading 0 native plugins for Editor in 0.00 ms.
Unloading 25 Unused Serialized files (Serialized files now loaded: 0)
Unloading 7222 unused Assets / (6.8 MB). Loaded Objects now: 7995.
Memory consumption went from 171.7 MB to 164.9 MB.
Total: 34.947700 ms (FindLiveObjects: 1.243900 ms CreateObjectMapping: 1.539100 ms MarkObjects: 27.291300 ms  DeleteObjects: 4.870600 ms)

Prepare: number of updated asset objects reloaded= 0
========================================================================
Received Prepare
Begin MonoManager ReloadAssembly
Symbol file data-0000019C1BAA5020 doesn't match image G:\Unity6\ClientFrame\Assets\ThirdParty\Sirenix\Assemblies\Sirenix.OdinInspector.Editor.dll
Symbol file LoadedFromMemory is not a mono symbol file
- Loaded All Assemblies, in  0.666 seconds
Refreshing native plugins compatible for Editor in 0.59 ms, found 4 plugins.
Native extension for iOS target not found
Native extension for Android target not found
Native extension for WindowsStandalone target not found
Native extension for WebGL target not found
Mono: successfully reloaded assembly
- Finished resetting the current domain, in  1.054 seconds
Domain Reload Profiling: 1723ms
	BeginReloadAssembly (174ms)
		ExecutionOrderSort (0ms)
		DisableScriptedObjects (10ms)
		BackupInstance (0ms)
		ReleaseScriptingObjects (0ms)
		CreateAndSetChildDomain (54ms)
	RebuildCommonClasses (26ms)
	RebuildNativeTypeToScriptingClass (10ms)
	initialDomainReloadingComplete (20ms)
	LoadAllAssembliesAndSetupDomain (440ms)
		LoadAssemblies (321ms)
		RebuildTransferFunctionScriptingTraits (0ms)
		AnalyzeDomain (195ms)
			TypeCache.Refresh (10ms)
				TypeCache.ScanAssembly (0ms)
			BuildScriptInfoCaches (170ms)
			ResolveRequiredComponents (12ms)
	FinalizeReload (1054ms)
		ReleaseScriptCaches (0ms)
		RebuildScriptCaches (0ms)
		SetupLoadedEditorAssemblies (892ms)
			LogAssemblyErrors (0ms)
			InitializePlatformSupportModulesInManaged (16ms)
			SetLoadedEditorAssemblies (5ms)
			BeforeProcessingInitializeOnLoad (144ms)
			ProcessInitializeOnLoadAttributes (569ms)
			ProcessInitializeOnLoadMethodAttributes (155ms)
			AfterProcessingInitializeOnLoad (2ms)
			EditorAssembliesLoaded (0ms)
		ExecutionOrderSort2 (0ms)
		AwakeInstancesAfterBackupRestoration (9ms)
Refreshing native plugins compatible for Editor in 1.12 ms, found 4 plugins.
Preloading 0 native plugins for Editor in 0.00 ms.
Unloading 25 Unused Serialized files (Serialized files now loaded: 0)
Unloading 7222 unused Assets / (6.9 MB). Loaded Objects now: 7997.
Memory consumption went from 171.7 MB to 164.8 MB.
Total: 30.270700 ms (FindLiveObjects: 0.850600 ms CreateObjectMapping: 1.051900 ms MarkObjects: 23.208600 ms  DeleteObjects: 5.157900 ms)

Prepare: number of updated asset objects reloaded= 0
========================================================================
Received Import Request.
  Time since last request: 47.484465 seconds.
  path: Assets/Res/UI/Prefabs/Home/ViewTabBar.prefab
  artifactKey: Guid(961a7f77aefbd1846aa5e6c9fd234c04) Importer(815301076,1909f56bfc062723c751e8b465ee728b)
Start importing Assets/Res/UI/Prefabs/Home/ViewTabBar.prefab using Guid(961a7f77aefbd1846aa5e6c9fd234c04) Importer(815301076,1909f56bfc062723c751e8b465ee728b) (PreviewImporter) -> (artifact id: 'a92f7aa79c4f6424bb7504cab5bcb5de') in 0.0462495 seconds
Number of updated asset objects reloaded before import = 0Number of asset objects unloaded after import = 28

========================================================================
Received Import Request.
  Time since last request: 85.143193 seconds.
  path: Assets/ThirdParty/StompyRobot/SRDebugger/UI/Prefabs/AboutTab.prefab
  artifactKey: Guid(b32f9ca33474ad44999aa3570c7f42ee) Importer(815301076,1909f56bfc062723c751e8b465ee728b)
Start importing Assets/ThirdParty/StompyRobot/SRDebugger/UI/Prefabs/AboutTab.prefab using Guid(b32f9ca33474ad44999aa3570c7f42ee) Importer(815301076,1909f56bfc062723c751e8b465ee728b) (PreviewImporter) -> (artifact id: 'a2201d8e442d23ca190654d550103f57') in 0.0044095 seconds
Number of updated asset objects reloaded before import = 0Number of asset objects unloaded after import = 34

========================================================================
Received Import Request.
  Time since last request: 0.000023 seconds.
  path: Assets/ThirdParty/RuntimeInspector/Prefabs/RuntimeInspector/Fields/BoundsField.prefab
  artifactKey: Guid(7b318668e35de1b44a870ab854cbcb55) Importer(815301076,1909f56bfc062723c751e8b465ee728b)
Start importing Assets/ThirdParty/RuntimeInspector/Prefabs/RuntimeInspector/Fields/BoundsField.prefab using Guid(7b318668e35de1b44a870ab854cbcb55) Importer(815301076,1909f56bfc062723c751e8b465ee728b) (PreviewImporter) -> (artifact id: '39d4966b744961a6b17948524d3bf93a') in 0.0064956 seconds
Number of updated asset objects reloaded before import = 0Number of asset objects unloaded after import = 122

========================================================================
Received Import Request.
  Time since last request: 0.000016 seconds.
  path: Assets/ThirdParty/StompyRobot/SRDebugger/Resources/SRDebugger/UI/Prefabs/Tabs/BugReporter.prefab
  artifactKey: Guid(c3059d02b0eb1694bb1ed7bf533a17c3) Importer(815301076,1909f56bfc062723c751e8b465ee728b)
Start importing Assets/ThirdParty/StompyRobot/SRDebugger/Resources/SRDebugger/UI/Prefabs/Tabs/BugReporter.prefab using Guid(c3059d02b0eb1694bb1ed7bf533a17c3) Importer(815301076,1909f56bfc062723c751e8b465ee728b) (PreviewImporter) -> (artifact id: '60b7d75de960770a3bbb1c2639cbd92e') in 0.0131256 seconds
Number of updated asset objects reloaded before import = 0Number of asset objects unloaded after import = 176

========================================================================
Received Import Request.
  Time since last request: 0.000025 seconds.
  path: Assets/ThirdParty/StompyRobot/SRDebugger/Resources/SRDebugger/UI/Prefabs/Tabs/Console.prefab
  artifactKey: Guid(abd74791d32aafa4c9ca4f20145cd14c) Importer(815301076,1909f56bfc062723c751e8b465ee728b)
Start importing Assets/ThirdParty/StompyRobot/SRDebugger/Resources/SRDebugger/UI/Prefabs/Tabs/Console.prefab using Guid(abd74791d32aafa4c9ca4f20145cd14c) Importer(815301076,1909f56bfc062723c751e8b465ee728b) (PreviewImporter) -> (artifact id: '8665dbc8e632635af1ee4b7763e09365') in 0.0192693 seconds
Number of updated asset objects reloaded before import = 0Number of asset objects unloaded after import = 569

========================================================================
Received Import Request.
  Time since last request: 0.000016 seconds.
  path: Assets/ThirdParty/StompyRobot/SRDebugger/Resources/SRDebugger/UI/Prefabs/PinnedUI.prefab
  artifactKey: Guid(bb4f9efb6ebc3b84cae1ddbccbd53c6f) Importer(815301076,1909f56bfc062723c751e8b465ee728b)
Start importing Assets/ThirdParty/StompyRobot/SRDebugger/Resources/SRDebugger/UI/Prefabs/PinnedUI.prefab using Guid(bb4f9efb6ebc3b84cae1ddbccbd53c6f) Importer(815301076,1909f56bfc062723c751e8b465ee728b) (PreviewImporter) -> (artifact id: '0bb133dc4e450fff2b5b08caccd23948') in 0.0148462 seconds
Number of updated asset objects reloaded before import = 0Number of asset objects unloaded after import = 485

========================================================================
Received Import Request.
  Time since last request: 0.000029 seconds.
  path: Assets/ThirdParty/StompyRobot/SRDebugger/Resources/SRDebugger/UI/Prefabs/DockConsole.prefab
  artifactKey: Guid(e574103baba252a409527f51a20b3a29) Importer(815301076,1909f56bfc062723c751e8b465ee728b)
Start importing Assets/ThirdParty/StompyRobot/SRDebugger/Resources/SRDebugger/UI/Prefabs/DockConsole.prefab using Guid(e574103baba252a409527f51a20b3a29) Importer(815301076,1909f56bfc062723c751e8b465ee728b) (PreviewImporter) -> (artifact id: '1bc3caf8430e9f765afd62f149dacfa4') in 0.0020511 seconds
Number of updated asset objects reloaded before import = 0Number of asset objects unloaded after import = 4

========================================================================
Received Import Request.
  Time since last request: 0.000060 seconds.
  path: Assets/ThirdParty/RuntimeInspector/Prefabs/RuntimeInspector/Fields/StringField.prefab
  artifactKey: Guid(45ac4396d8db67243a86cff18038a1a6) Importer(815301076,1909f56bfc062723c751e8b465ee728b)
Start importing Assets/ThirdParty/RuntimeInspector/Prefabs/RuntimeInspector/Fields/StringField.prefab using Guid(45ac4396d8db67243a86cff18038a1a6) Importer(815301076,1909f56bfc062723c751e8b465ee728b) (PreviewImporter) -> (artifact id: 'd3a3b9edc759e5e6b5be1cd1aedfd2b0') in 0.003448 seconds
Number of updated asset objects reloaded before import = 0Number of asset objects unloaded after import = 26

========================================================================
Received Import Request.
  Time since last request: 0.000014 seconds.
  path: Assets/ThirdParty/RuntimeInspector/Prefabs/RuntimeInspector/Fields/ObjectReferenceField.prefab
  artifactKey: Guid(c2fc4d683d351b642a3c95411cfd089c) Importer(815301076,1909f56bfc062723c751e8b465ee728b)
Start importing Assets/ThirdParty/RuntimeInspector/Prefabs/RuntimeInspector/Fields/ObjectReferenceField.prefab using Guid(c2fc4d683d351b642a3c95411cfd089c) Importer(815301076,1909f56bfc062723c751e8b465ee728b) (PreviewImporter) -> (artifact id: '65d8c82226606d15c502c8f60b930e53') in 0.0041581 seconds
Number of updated asset objects reloaded before import = 0Number of asset objects unloaded after import = 36

========================================================================
Received Import Request.
  Time since last request: 0.000020 seconds.
  path: Assets/ThirdParty/RuntimeInspector/Prefabs/RuntimeInspector/Fields/EnumField.prefab
  artifactKey: Guid(894e271a7dd5a2c4783d3941f327627c) Importer(815301076,1909f56bfc062723c751e8b465ee728b)
Start importing Assets/ThirdParty/RuntimeInspector/Prefabs/RuntimeInspector/Fields/EnumField.prefab using Guid(894e271a7dd5a2c4783d3941f327627c) Importer(815301076,1909f56bfc062723c751e8b465ee728b) (PreviewImporter) -> (artifact id: '8173168e5c381a0aea9086049a429763') in 0.0045557 seconds
Number of updated asset objects reloaded before import = 0Number of asset objects unloaded after import = 66

========================================================================
Received Import Request.
  Time since last request: 0.000014 seconds.
  path: Assets/ThirdParty/LeanPool/LeanPool/Examples/Prefabs/Rigidbody Cube.prefab
  artifactKey: Guid(4be75445e7585a24da472b670d73768a) Importer(815301076,1909f56bfc062723c751e8b465ee728b)
Start importing Assets/ThirdParty/LeanPool/LeanPool/Examples/Prefabs/Rigidbody Cube.prefab using Guid(4be75445e7585a24da472b670d73768a) Importer(815301076,1909f56bfc062723c751e8b465ee728b) (PreviewImporter) -> (artifact id: '8fa5ea000389839e0b27f932bdb609c0') in 0.4328659 seconds
Number of updated asset objects reloaded before import = 0Number of asset objects unloaded after import = 10

========================================================================
Received Import Request.
  Time since last request: 0.000044 seconds.
  path: Assets/Res/UI/Prefabs/Home/LayerShop.prefab
  artifactKey: Guid(755228d65427e32448ef7c5c49549704) Importer(815301076,1909f56bfc062723c751e8b465ee728b)
Start importing Assets/Res/UI/Prefabs/Home/LayerShop.prefab using Guid(755228d65427e32448ef7c5c49549704) Importer(815301076,1909f56bfc062723c751e8b465ee728b) (PreviewImporter) -> (artifact id: '0a4d65b7e03163df1fbd205d87fcb0dd') in 0.0077623 seconds
Number of updated asset objects reloaded before import = 0Number of asset objects unloaded after import = 30

========================================================================
Received Import Request.
  Time since last request: 0.000054 seconds.
  path: Assets/ThirdParty/StompyRobot/SRDebugger/Resources/SRDebugger/UI/Prefabs/Options/NumberOption.prefab
  artifactKey: Guid(2ac1e31ed7a70544795db2044eb915e1) Importer(815301076,1909f56bfc062723c751e8b465ee728b)
Start importing Assets/ThirdParty/StompyRobot/SRDebugger/Resources/SRDebugger/UI/Prefabs/Options/NumberOption.prefab using Guid(2ac1e31ed7a70544795db2044eb915e1) Importer(815301076,1909f56bfc062723c751e8b465ee728b) (PreviewImporter) -> (artifact id: '4561964d104915d85f1980d06dcf2842') in 0.0048615 seconds
Number of updated asset objects reloaded before import = 0Number of asset objects unloaded after import = 71

========================================================================
Received Import Request.
  Time since last request: 0.000051 seconds.
  path: Assets/ThirdParty/StompyRobot/SRDebugger/Resources/SRDebugger/UI/Prefabs/BugReportPopover.prefab
  artifactKey: Guid(b1e14a36132e86c4a86149b6ecbe53f4) Importer(815301076,1909f56bfc062723c751e8b465ee728b)
Start importing Assets/ThirdParty/StompyRobot/SRDebugger/Resources/SRDebugger/UI/Prefabs/BugReportPopover.prefab using Guid(b1e14a36132e86c4a86149b6ecbe53f4) Importer(815301076,1909f56bfc062723c751e8b465ee728b) (PreviewImporter) -> (artifact id: '4acbfd11bdba730a0136d170192c6ade') in 0.0069586 seconds
Number of updated asset objects reloaded before import = 0Number of asset objects unloaded after import = 76

========================================================================
Received Import Request.
  Time since last request: 0.000028 seconds.
  path: Assets/ThirdParty/LeanPool/LeanPool/Examples/Prefabs/Rigidbody Cube + LeanPooledRigidbody.prefab
  artifactKey: Guid(87b4c5accc768904c86c03a32b2246fe) Importer(815301076,1909f56bfc062723c751e8b465ee728b)
Start importing Assets/ThirdParty/LeanPool/LeanPool/Examples/Prefabs/Rigidbody Cube + LeanPooledRigidbody.prefab using Guid(87b4c5accc768904c86c03a32b2246fe) Importer(815301076,1909f56bfc062723c751e8b465ee728b) (PreviewImporter) -> (artifact id: '45ab2c62b189b1e5ae3aca832df40b4c') in 0.0077364 seconds
Number of updated asset objects reloaded before import = 0Number of asset objects unloaded after import = 12

========================================================================
Received Import Request.
  Time since last request: 0.000040 seconds.
  path: Assets/ThirdParty/RuntimeInspector/Prefabs/RuntimeInspector/Fields/Vector2Field.prefab
  artifactKey: Guid(13387474de83f0a46923dc0a1439eb92) Importer(815301076,1909f56bfc062723c751e8b465ee728b)
Start importing Assets/ThirdParty/RuntimeInspector/Prefabs/RuntimeInspector/Fields/Vector2Field.prefab using Guid(13387474de83f0a46923dc0a1439eb92) Importer(815301076,1909f56bfc062723c751e8b465ee728b) (PreviewImporter) -> (artifact id: 'fe9f327cb1232d4adabcdc3a545058f6') in 0.0024164 seconds
Number of updated asset objects reloaded before import = 0Number of asset objects unloaded after import = 44

========================================================================
Received Import Request.
  Time since last request: 0.000023 seconds.
  path: Assets/ThirdParty/StompyRobot/SRDebugger/UI/Prefabs/SR_ModalPopup.prefab
  artifactKey: Guid(9848f30f74d55944087b9a0aafbe0e75) Importer(815301076,1909f56bfc062723c751e8b465ee728b)
Start importing Assets/ThirdParty/StompyRobot/SRDebugger/UI/Prefabs/SR_ModalPopup.prefab using Guid(9848f30f74d55944087b9a0aafbe0e75) Importer(815301076,1909f56bfc062723c751e8b465ee728b) (PreviewImporter) -> (artifact id: '042dcaaebd0f3696bdf9d21abf2d2563') in 0.0030176 seconds
Number of updated asset objects reloaded before import = 0Number of asset objects unloaded after import = 62

========================================================================
Received Import Request.
  Time since last request: 0.000028 seconds.
  path: Assets/ThirdParty/StompyRobot/SRDebugger/Resources/SRDebugger/UI/Prefabs/Tabs/Profiler.prefab
  artifactKey: Guid(c8c5aa399662c664f81eda4f07e56ad2) Importer(815301076,1909f56bfc062723c751e8b465ee728b)
Start importing Assets/ThirdParty/StompyRobot/SRDebugger/Resources/SRDebugger/UI/Prefabs/Tabs/Profiler.prefab using Guid(c8c5aa399662c664f81eda4f07e56ad2) Importer(815301076,1909f56bfc062723c751e8b465ee728b) (PreviewImporter) -> (artifact id: 'bb058410f63c76725fddf5f3830e3628') in 0.0053556 seconds
Number of updated asset objects reloaded before import = 0Number of asset objects unloaded after import = 281

========================================================================
Received Import Request.
  Time since last request: 0.000024 seconds.
  path: Assets/ThirdParty/StompyRobot/SRDebugger/Resources/SRDebugger/UI/Prefabs/Options/EnumOption.prefab
  artifactKey: Guid(4a8c35e6c2782f145a2598c874369a08) Importer(815301076,1909f56bfc062723c751e8b465ee728b)
Start importing Assets/ThirdParty/StompyRobot/SRDebugger/Resources/SRDebugger/UI/Prefabs/Options/EnumOption.prefab using Guid(4a8c35e6c2782f145a2598c874369a08) Importer(815301076,1909f56bfc062723c751e8b465ee728b) (PreviewImporter) -> (artifact id: '63079aceba4a253cbb95580702e5c60d') in 0.0033167 seconds
Number of updated asset objects reloaded before import = 0Number of asset objects unloaded after import = 71

========================================================================
Received Import Request.
  Time since last request: 0.000028 seconds.
  path: Assets/ThirdParty/StompyRobot/SRDebugger/Resources/SRDebugger/UI/Prefabs/Options/BoolOption.prefab
  artifactKey: Guid(c00f61f0f69828745b7ef9145737e260) Importer(815301076,1909f56bfc062723c751e8b465ee728b)
Start importing Assets/ThirdParty/StompyRobot/SRDebugger/Resources/SRDebugger/UI/Prefabs/Options/BoolOption.prefab using Guid(c00f61f0f69828745b7ef9145737e260) Importer(815301076,1909f56bfc062723c751e8b465ee728b) (PreviewImporter) -> (artifact id: '39b6c844af2d111026116157ebc192f2') in 0.0024214 seconds
Number of updated asset objects reloaded before import = 0Number of asset objects unloaded after import = 41

========================================================================
Received Import Request.
  Time since last request: 0.000034 seconds.
  path: Assets/ThirdParty/RuntimeInspector/Prefabs/RuntimeInspector/Fields/TextureReferenceField.prefab
  artifactKey: Guid(540d9c4334a9e61498a26125e42ae81c) Importer(815301076,1909f56bfc062723c751e8b465ee728b)
Start importing Assets/ThirdParty/RuntimeInspector/Prefabs/RuntimeInspector/Fields/TextureReferenceField.prefab using Guid(540d9c4334a9e61498a26125e42ae81c) Importer(815301076,1909f56bfc062723c751e8b465ee728b) (PreviewImporter) -> (artifact id: '5d115ecd8a8091fe19dd83700d561012') in 0.0039953 seconds
Number of updated asset objects reloaded before import = 0Number of asset objects unloaded after import = 30

========================================================================
Received Import Request.
  Time since last request: 0.000022 seconds.
  path: Assets/ThirdParty/StompyRobot/SRDebugger/UI/Prefabs/SideBar/Tab.prefab
  artifactKey: Guid(20aa0923117a8a449bbe649769f6bd16) Importer(815301076,1909f56bfc062723c751e8b465ee728b)
Start importing Assets/ThirdParty/StompyRobot/SRDebugger/UI/Prefabs/SideBar/Tab.prefab using Guid(20aa0923117a8a449bbe649769f6bd16) Importer(815301076,1909f56bfc062723c751e8b465ee728b) (PreviewImporter) -> (artifact id: 'b945d4466ddccf90252bf5e0a25a1f4e') in 0.0060906 seconds
Number of updated asset objects reloaded before import = 0Number of asset objects unloaded after import = 69

========================================================================
Received Import Request.
  Time since last request: 0.000032 seconds.
  path: Assets/ThirdParty/RuntimeInspector/Prefabs/RuntimeInspector/Fields/NumberField.prefab
  artifactKey: Guid(58feae853e7be46429c9eb218ce89d38) Importer(815301076,1909f56bfc062723c751e8b465ee728b)
Start importing Assets/ThirdParty/RuntimeInspector/Prefabs/RuntimeInspector/Fields/NumberField.prefab using Guid(58feae853e7be46429c9eb218ce89d38) Importer(815301076,1909f56bfc062723c751e8b465ee728b) (PreviewImporter) -> (artifact id: 'db981aa90b6e461217f949e2a3ae7532') in 0.003251 seconds
Number of updated asset objects reloaded before import = 0Number of asset objects unloaded after import = 26

========================================================================
Received Import Request.
  Time since last request: 0.000032 seconds.
  path: Assets/ThirdParty/RuntimeInspector/RuntimeInspector.prefab
  artifactKey: Guid(d39ad26c554f1a04d870956f7fac6fd8) Importer(815301076,1909f56bfc062723c751e8b465ee728b)
Start importing Assets/ThirdParty/RuntimeInspector/RuntimeInspector.prefab using Guid(d39ad26c554f1a04d870956f7fac6fd8) Importer(815301076,1909f56bfc062723c751e8b465ee728b) (PreviewImporter) -> (artifact id: '7ada2fc84ccbde0c233baed4d69a34bb') in 0.0156409 seconds
Number of updated asset objects reloaded before import = 0Number of asset objects unloaded after import = 806

========================================================================
Received Import Request.
  Time since last request: 0.000027 seconds.
  path: Assets/ThirdParty/StompyRobot/SRDebugger/Resources/SRDebugger/UI/Prefabs/Options/ReadOnlyOption.prefab
  artifactKey: Guid(879b44b39edb0fc46897c1a117413e5a) Importer(815301076,1909f56bfc062723c751e8b465ee728b)
Start importing Assets/ThirdParty/StompyRobot/SRDebugger/Resources/SRDebugger/UI/Prefabs/Options/ReadOnlyOption.prefab using Guid(879b44b39edb0fc46897c1a117413e5a) Importer(815301076,1909f56bfc062723c751e8b465ee728b) (PreviewImporter) -> (artifact id: '69a43ea4b619fb8dc66c76dac4ba47a2') in 0.0026273 seconds
Number of updated asset objects reloaded before import = 0Number of asset objects unloaded after import = 37

========================================================================
Received Import Request.
  Time since last request: 0.000032 seconds.
  path: Assets/ThirdParty/LeanPool/LeanCommon/Examples/Prefabs/Button.prefab
  artifactKey: Guid(e397534993a3daa4fb62356a2b6e1856) Importer(815301076,1909f56bfc062723c751e8b465ee728b)
Start importing Assets/ThirdParty/LeanPool/LeanCommon/Examples/Prefabs/Button.prefab using Guid(e397534993a3daa4fb62356a2b6e1856) Importer(815301076,1909f56bfc062723c751e8b465ee728b) (PreviewImporter) -> (artifact id: '543b77747cedde665a4c2dfa0d27b003') in 0.002672 seconds
Number of updated asset objects reloaded before import = 0Number of asset objects unloaded after import = 14

========================================================================
Received Import Request.
  Time since last request: 0.000023 seconds.
  path: Assets/ThirdParty/LeanPool/LeanCommon/Examples/Prefabs/RoundedCube.prefab
  artifactKey: Guid(98bcf37801e348c44b1dc78b7af0bb77) Importer(815301076,1909f56bfc062723c751e8b465ee728b)
Start importing Assets/ThirdParty/LeanPool/LeanCommon/Examples/Prefabs/RoundedCube.prefab using Guid(98bcf37801e348c44b1dc78b7af0bb77) Importer(815301076,1909f56bfc062723c751e8b465ee728b) (PreviewImporter) -> (artifact id: '3e78aafa23c38a8c1556952e04fd4828') in 0.0065544 seconds
Number of updated asset objects reloaded before import = 0Number of asset objects unloaded after import = 9

========================================================================
Received Import Request.
  Time since last request: 0.000033 seconds.
  path: Assets/ThirdParty/RuntimeInspector/Prefabs/RuntimeInspector/Fields/NumberRangeField.prefab
  artifactKey: Guid(300fe0c02ada2ff45ad008ce1485e476) Importer(815301076,1909f56bfc062723c751e8b465ee728b)
Start importing Assets/ThirdParty/RuntimeInspector/Prefabs/RuntimeInspector/Fields/NumberRangeField.prefab using Guid(300fe0c02ada2ff45ad008ce1485e476) Importer(815301076,1909f56bfc062723c751e8b465ee728b) (PreviewImporter) -> (artifact id: '4df5a086d7d70f4a29c85e863fe5db96') in 0.0031312 seconds
Number of updated asset objects reloaded before import = 0Number of asset objects unloaded after import = 45

========================================================================
Received Import Request.
  Time since last request: 0.000031 seconds.
  path: Assets/ThirdParty/RuntimeInspector/Prefabs/RuntimeInspector/Fields/ColorField.prefab
  artifactKey: Guid(dc6c99ef010462949be7c6a4420501b2) Importer(815301076,1909f56bfc062723c751e8b465ee728b)
Start importing Assets/ThirdParty/RuntimeInspector/Prefabs/RuntimeInspector/Fields/ColorField.prefab using Guid(dc6c99ef010462949be7c6a4420501b2) Importer(815301076,1909f56bfc062723c751e8b465ee728b) (PreviewImporter) -> (artifact id: 'e2fbcf464d1c365407822a7ac6934291') in 0.003255 seconds
Number of updated asset objects reloaded before import = 0Number of asset objects unloaded after import = 31

========================================================================
Received Import Request.
  Time since last request: 0.000034 seconds.
  path: Assets/ThirdParty/RuntimeInspector/Resources/RuntimeInspector/DraggedReferenceItem.prefab
  artifactKey: Guid(8c4f7fe3fa0072c4abbb7397d7593158) Importer(815301076,1909f56bfc062723c751e8b465ee728b)
Start importing Assets/ThirdParty/RuntimeInspector/Resources/RuntimeInspector/DraggedReferenceItem.prefab using Guid(8c4f7fe3fa0072c4abbb7397d7593158) Importer(815301076,1909f56bfc062723c751e8b465ee728b) (PreviewImporter) -> (artifact id: 'e6a75d11df9743b9686e433bf7185da2') in 0.0026691 seconds
Number of updated asset objects reloaded before import = 0Number of asset objects unloaded after import = 19

========================================================================
Received Import Request.
  Time since last request: 0.000036 seconds.
  path: Assets/ThirdParty/RuntimeInspector/CanvasTools.prefab
  artifactKey: Guid(fc4a7089334419c42a445922cbc2afac) Importer(815301076,1909f56bfc062723c751e8b465ee728b)
Start importing Assets/ThirdParty/RuntimeInspector/CanvasTools.prefab using Guid(fc4a7089334419c42a445922cbc2afac) Importer(815301076,1909f56bfc062723c751e8b465ee728b) (PreviewImporter) -> (artifact id: '8d04ecc9c51c8d6ef5fb3b54ceb1bbe2') in 0.0230417 seconds
Number of updated asset objects reloaded before import = 0Number of asset objects unloaded after import = 981

========================================================================
Received Import Request.
  Time since last request: 0.000033 seconds.
  path: Assets/ThirdParty/StompyRobot/SRDebugger/UI/Prefabs/InfoBlock.prefab
  artifactKey: Guid(54dcbf94ddefe604898e059992c2f974) Importer(815301076,1909f56bfc062723c751e8b465ee728b)
Start importing Assets/ThirdParty/StompyRobot/SRDebugger/UI/Prefabs/InfoBlock.prefab using Guid(54dcbf94ddefe604898e059992c2f974) Importer(815301076,1909f56bfc062723c751e8b465ee728b) (PreviewImporter) -> (artifact id: '09b0281fd487db63c3a0785f7f2cf4b0') in 0.0036682 seconds
Number of updated asset objects reloaded before import = 0Number of asset objects unloaded after import = 21

========================================================================
Received Import Request.
  Time since last request: 0.000035 seconds.
  path: Assets/ThirdParty/RuntimeInspector/Prefabs/RuntimeInspector/Fields/Vector4Field.prefab
  artifactKey: Guid(b7340ba69c557ad44a95011249f11829) Importer(815301076,1909f56bfc062723c751e8b465ee728b)
Start importing Assets/ThirdParty/RuntimeInspector/Prefabs/RuntimeInspector/Fields/Vector4Field.prefab using Guid(b7340ba69c557ad44a95011249f11829) Importer(815301076,1909f56bfc062723c751e8b465ee728b) (PreviewImporter) -> (artifact id: '04a6563a5f2b6722fdb7292754cafca0') in 0.0037961 seconds
Number of updated asset objects reloaded before import = 0Number of asset objects unloaded after import = 72

========================================================================
Received Import Request.
  Time since last request: 0.000047 seconds.
  path: Assets/ThirdParty/StompyRobot/SRDebugger/Resources/SRDebugger/UI/Prefabs/DebugPanel.prefab
  artifactKey: Guid(3484bf178624a77488fdf8a593f2d7a0) Importer(815301076,1909f56bfc062723c751e8b465ee728b)
Start importing Assets/ThirdParty/StompyRobot/SRDebugger/Resources/SRDebugger/UI/Prefabs/DebugPanel.prefab using Guid(3484bf178624a77488fdf8a593f2d7a0) Importer(815301076,1909f56bfc062723c751e8b465ee728b) (PreviewImporter) -> (artifact id: '990265ea27f5fa0c526073376c690695') in 0.014295 seconds
Number of updated asset objects reloaded before import = 0Number of asset objects unloaded after import = 312

========================================================================
Received Import Request.
  Time since last request: 0.000046 seconds.
  path: Assets/ThirdParty/StompyRobot/SRDebugger/Resources/SRDebugger/UI/Prefabs/Tabs/Options.prefab
  artifactKey: Guid(f38fe2ab9831b6c4c9c90aef8dabcb69) Importer(815301076,1909f56bfc062723c751e8b465ee728b)
Start importing Assets/ThirdParty/StompyRobot/SRDebugger/Resources/SRDebugger/UI/Prefabs/Tabs/Options.prefab using Guid(f38fe2ab9831b6c4c9c90aef8dabcb69) Importer(815301076,1909f56bfc062723c751e8b465ee728b) (PreviewImporter) -> (artifact id: '182d6ff10ee913f4c896e10b84750d6c') in 0.0058704 seconds
Number of updated asset objects reloaded before import = 0Number of asset objects unloaded after import = 141

========================================================================
Received Import Request.
  Time since last request: 0.000058 seconds.
  path: Assets/ThirdParty/RuntimeInspector/Prefabs/RuntimeHierarchy/HierarchyField.prefab
  artifactKey: Guid(bcc0e6fb439ccc74c850c0ecc139d80e) Importer(815301076,1909f56bfc062723c751e8b465ee728b)
Start importing Assets/ThirdParty/RuntimeInspector/Prefabs/RuntimeHierarchy/HierarchyField.prefab using Guid(bcc0e6fb439ccc74c850c0ecc139d80e) Importer(815301076,1909f56bfc062723c751e8b465ee728b) (PreviewImporter) -> (artifact id: 'ab5b2863b6ebf4c69695af4300de0491') in 0.0042607 seconds
Number of updated asset objects reloaded before import = 0Number of asset objects unloaded after import = 40

========================================================================
Received Import Request.
  Time since last request: 0.000023 seconds.
  path: Assets/ThirdParty/RuntimeInspector/Resources/RuntimeInspector/ObjectReferencePicker.prefab
  artifactKey: Guid(fb93dafbec5a95742b987f906ba8f4e7) Importer(815301076,1909f56bfc062723c751e8b465ee728b)
Start importing Assets/ThirdParty/RuntimeInspector/Resources/RuntimeInspector/ObjectReferencePicker.prefab using Guid(fb93dafbec5a95742b987f906ba8f4e7) Importer(815301076,1909f56bfc062723c751e8b465ee728b) (PreviewImporter) -> (artifact id: '40899081c1627545194ebe8a0886b7b1') in 0.0042101 seconds
Number of updated asset objects reloaded before import = 0Number of asset objects unloaded after import = 106

========================================================================
Received Import Request.
  Time since last request: 0.000027 seconds.
  path: Assets/ThirdParty/RuntimeInspector/ExternalResources/ColorWheel/ColorWheel.prefab
  artifactKey: Guid(af8ebf3eda3f41146bb902219c03964f) Importer(815301076,1909f56bfc062723c751e8b465ee728b)
Start importing Assets/ThirdParty/RuntimeInspector/ExternalResources/ColorWheel/ColorWheel.prefab using Guid(af8ebf3eda3f41146bb902219c03964f) Importer(815301076,1909f56bfc062723c751e8b465ee728b) (PreviewImporter) -> (artifact id: 'a748020192d0e0e3adcd810bbe0dd99e') in 0.0022488 seconds
Number of updated asset objects reloaded before import = 0Number of asset objects unloaded after import = 17

========================================================================
Received Import Request.
  Time since last request: 0.000021 seconds.
  path: Assets/ThirdParty/LeanPool/LeanCommon/Examples/Prefabs/Label.prefab
  artifactKey: Guid(b06e85cdb86ff204aa4c8e276668b4c4) Importer(815301076,1909f56bfc062723c751e8b465ee728b)
Start importing Assets/ThirdParty/LeanPool/LeanCommon/Examples/Prefabs/Label.prefab using Guid(b06e85cdb86ff204aa4c8e276668b4c4) Importer(815301076,1909f56bfc062723c751e8b465ee728b) (PreviewImporter) -> (artifact id: 'a6f4c95a2f64a13080ae7a1712054cc5') in 0.0022576 seconds
Number of updated asset objects reloaded before import = 0Number of asset objects unloaded after import = 11

Editor requested this worker to shutdown with reason: Scaling down because of idle timeout
AssetImportWorker is now disconnected from the server
Process exiting
Exiting without the bug reporter. Application will terminate with return code 0